// Jest Snapshot v1, https://goo.gl/fbAQLP

exports[`the Entries component displays many entries 1`] = `
<div
  className="entries"
>
  <article
    className="entry"
    onClick={[Function]}
  >
    <h1
      className="title"
    >
      I walked for a while
    </h1>
    <p />
    <div
      className="controls"
    >
      <a
        className="control edit"
        href="/entries/1/edit"
      >
        <span>
          Edit
        </span>
      </a>
      <a
        className="control view"
      >
        <span>
          View
        </span>
      </a>
      <button
        className="control delete"
        onClick={[Function]}
      >
        <span>
          Delete
        </span>
      </button>
    </div>
  </article>
  <article
    className="entry"
    onClick={[Function]}
  >
    <h1
      className="title"
    >
      In my sleep
    </h1>
    <p />
    <div
      className="controls"
    >
      <a
        className="control edit"
        href="/entries/2/edit"
      >
        <span>
          Edit
        </span>
      </a>
      <a
        className="control view"
      >
        <span>
          View
        </span>
      </a>
      <button
        className="control delete"
        onClick={[Function]}
      >
        <span>
          Delete
        </span>
      </button>
    </div>
  </article>
</div>
`;
