// Jest Snapshot v1, https://goo.gl/fbAQLP

exports[`the Entry component displays one entry 1`] = `
<article
  className="entry"
>
  <h1
    className="title"
  >
    I walked for a while
  </h1>
  <p />
  <div
    className="controls"
  >
    <a
      className="control edit"
      href="/entries/1/edit"
    >
      <span>
        Edit
      </span>
    </a>
    <a
      className="control view"
      href="/entries/1"
    >
      <span>
        View
      </span>
    </a>
    <button
      className="control delete"
      onClick={[Function]}
      tabIndex={-1}
    >
      <span>
        Delete
      </span>
    </button>
  </div>
</article>
`;
