// Jest Snapshot v1, https://goo.gl/fbAQLP

exports[`the Entries component displays many entries 1`] = `
<div
  className="entries"
>
  <article
    className="entry"
    onClick={[Function]}
  >
    <h1
      className="title"
    >
      I walked for a while
    </h1>
    <p />
  </article>
  <article
    className="entry"
    onClick={[Function]}
  >
    <h1
      className="title"
    >
      In my sleep
    </h1>
    <p />
  </article>
</div>
`;
